// Jest Snapshot v1, https://goo.gl/fbAQLP

exports[`Pruebas en <AuthPage/> debe mostrarse correctamente 1`] = `
<div
  className="container"
>
  <div
    className="row justify-content-center align-items-center"
  >
    <div
      className="col-4  d-flex flex-column mt-5"
    >
      <h3
        className="text-center"
      >
        Autenticaci√≥n
      </h3>
      <button
        className="btn btn-primary  mt-3"
        onClick={[Function]}
      >
        Registrarse
      </button>
      <button
        className="btn btn-secondary  mt-3"
        onClick={[Function]}
      >
        Invitado
      </button>
    </div>
  </div>
</div>
`;
