// Jest Snapshot v1, https://goo.gl/fbAQLP

exports[`Pruebas en <App/> Debe de mostrarse correctamente  1`] = `
<div>
  <nav
    className="navbar navbar-expand-lg navbar-dark bg-dark"
  >
    <div
      className="container-fluid"
    >
      <a
        className="navbar-brand "
        href="/"
        onClick={[Function]}
      >
        Mi tienda ReactJS
      </a>
      <button
        aria-controls="navbarNavAltMarkup"
        aria-expanded="false"
        aria-label="Toggle navigation"
        className="navbar-toggler"
        data-bs-target="#navbarNavAltMarkup"
        data-bs-toggle="collapse"
        type="button"
      >
        <span
          className="navbar-toggler-icon"
        />
      </button>
      <div
        className="collapse navbar-collapse"
        id="navbarNavAltMarkup"
      >
        <div
          className="navbar-nav me-auto"
        />
        <ul
          className="navbar-nav"
        >
          <li
            className="nav-item nav-link"
          >
            <span
              className="text-white"
            />
          </li>
          <li
            className="nav-item"
          />
        </ul>
      </div>
    </div>
  </nav>
  <div
    className="container"
  >
    <div
      className="row justify-content-center align-items-center"
    >
      <div
        className="col-4  d-flex flex-column mt-5"
      >
        <h3
          className="text-center"
        >
          Autenticaci√≥n
        </h3>
        <button
          className="btn btn-primary  mt-3"
          onClick={[Function]}
        >
          Registrarse
        </button>
        <button
          className="btn btn-secondary  mt-3"
          onClick={[Function]}
        >
          Invitado
        </button>
      </div>
    </div>
  </div>
</div>
`;
